RAM Allocation [bytes]
Variable                                                                          Address   Size
------------------------------------------------------------------------------------------------
glcd_state                                                                        0x0260      29
gfx_addr                                                                          0x027D       2
gfx_buffer                                                                        0x027F     504
_seed                                                                             0x0477       4

EEPROM Allocation [bytes]
Variable                                                                          Address   Size
------------------------------------------------------------------------------------------------

Register Allocation
Variable                                                                          Register  Size
------------------------------------------------------------------------------------------------

FLASH Allocation [words]
Function                                                                          Address   Size
------------------------------------------------------------------------------------------------
main                                                                              0x00157     66
pcd8544_delay_G100                                                                0x00199      1
pcd8544_wrbus_G100                                                                0x0019A     23
pcd8544_wrcmd                                                                     0x001B1      5
pcd8544_wrdata_G100                                                               0x001B6      5
pcd8544_setaddr_G100                                                              0x001BB     23
pcd8544_gotoxy                                                                    0x001D2     13
pcd8544_wrbyte                                                                    0x001DF     15
glcd_init                                                                         0x001EE    127
glcd_display                                                                      0x0026D     11
glcd_clear                                                                        0x00278     30
glcd_clipx                                                                        0x00296     18
glcd_clipy                                                                        0x002A8     16
glcd_moveto                                                                       0x002B8     13
memset                                                                            0x002C5     16
