
AVRASM ver. 2.1.30  D:\ZGreenhouse\DHT11\Debug\List\dht11.asm Sun Mar 24 15:35:01 2019

                 
                 
                 ;CodeVisionAVR C Compiler V3.12 Advanced
                 ;(C) Copyright 1998-2014 Pavel Haiduc, HP InfoTech s.r.l.
                 ;http://www.hpinfotech.com
                 
                 ;Build configuration    : Debug
                 ;Chip type              : ATmega32A
                 ;Program type           : Application
                 ;Clock frequency        : 8,000000 MHz
                 ;Memory model           : Small
                 ;Optimize for           : Size
                 ;(s)printf features     : int, width
                 ;(s)scanf features      : int, width
                 ;External RAM size      : 0
                 ;Data Stack size        : 512 byte(s)
                 ;Heap size              : 0 byte(s)
                 ;Promote 'char' to 'int': Yes
                 ;'char' is unsigned     : Yes
                 ;8 bit enums            : Yes
                 ;Global 'const' stored in FLASH: Yes
                 ;Enhanced function parameter passing: Yes
                 ;Enhanced core instructions: On
                 ;Automatic register allocation for global variables: On
                 ;Smart register allocation: On
                 
                 	#define _MODEL_SMALL_
                 
                 	#pragma AVRPART ADMIN PART_NAME ATmega32A
                 	#pragma AVRPART MEMORY PROG_FLASH 32768
                 	#pragma AVRPART MEMORY EEPROM 1024
                 	#pragma AVRPART MEMORY INT_SRAM SIZE 2048
                 	#pragma AVRPART MEMORY INT_SRAM START_ADDR 0x60
                 
                 	#define CALL_SUPPORTED 1
                 
                 	.LISTMAC
                 	.EQU UDRE=0x5
                 	.EQU RXC=0x7
                 	.EQU USR=0xB
                 	.EQU UDR=0xC
                 	.EQU SPSR=0xE
                 	.EQU SPDR=0xF
                 	.EQU EERE=0x0
                 	.EQU EEWE=0x1
                 	.EQU EEMWE=0x2
                 	.EQU EECR=0x1C
                 	.EQU EEDR=0x1D
                 	.EQU EEARL=0x1E
                 	.EQU EEARH=0x1F
                 	.EQU WDTCR=0x21
                 	.EQU MCUCR=0x35
                 	.EQU SPL=0x3D
                 	.EQU SPH=0x3E
                 	.EQU SREG=0x3F
                 
                 	.DEF R0X0=R0
                 	.DEF R0X1=R1
                 	.DEF R0X2=R2
                 	.DEF R0X3=R3
                 	.DEF R0X4=R4
                 	.DEF R0X5=R5
                 	.DEF R0X6=R6
                 	.DEF R0X7=R7
                 	.DEF R0X8=R8
                 	.DEF R0X9=R9
                 	.DEF R0XA=R10
                 	.DEF R0XB=R11
                 	.DEF R0XC=R12
                 	.DEF R0XD=R13
                 	.DEF R0XE=R14
                 	.DEF R0XF=R15
                 	.DEF R0X10=R16
                 	.DEF R0X11=R17
                 	.DEF R0X12=R18
                 	.DEF R0X13=R19
                 	.DEF R0X14=R20
                 	.DEF R0X15=R21
                 	.DEF R0X16=R22
                 	.DEF R0X17=R23
                 	.DEF R0X18=R24
                 	.DEF R0X19=R25
                 	.DEF R0X1A=R26
                 	.DEF R0X1B=R27
                 	.DEF R0X1C=R28
                 	.DEF R0X1D=R29
                 	.DEF R0X1E=R30
                 	.DEF R0X1F=R31
                 
                 	.EQU __SRAM_START=0x0060
                 	.EQU __SRAM_END=0x085F
                 	.EQU __DSTACK_SIZE=0x0200
                 	.EQU __HEAP_SIZE=0x0000
                 	.EQU __CLEAR_SRAM_SIZE=__SRAM_END-__SRAM_START+1
                 
                 	.MACRO __CPD1N
                 	CPI  R30,LOW(@0)
                 	LDI  R26,HIGH(@0)
                 	CPC  R31,R26
                 	LDI  R26,BYTE3(@0)
                 	CPC  R22,R26
                 	LDI  R26,BYTE4(@0)
                 	CPC  R23,R26
                 	.ENDM
                 
                 	.MACRO __CPD2N
                 	CPI  R26,LOW(@0)
                 	LDI  R30,HIGH(@0)
                 	CPC  R27,R30
                 	LDI  R30,BYTE3(@0)
                 	CPC  R24,R30
                 	LDI  R30,BYTE4(@0)
                 	CPC  R25,R30
                 	.ENDM
                 
                 	.MACRO __CPWRR
                 	CP   R@0,R@2
                 	CPC  R@1,R@3
                 	.ENDM
                 
                 	.MACRO __CPWRN
                 	CPI  R@0,LOW(@2)
                 	LDI  R30,HIGH(@2)
                 	CPC  R@1,R30
                 	.ENDM
                 
                 	.MACRO __ADDB1MN
                 	SUBI R30,LOW(-@0-(@1))
                 	.ENDM
                 
                 	.MACRO __ADDB2MN
                 	SUBI R26,LOW(-@0-(@1))
                 	.ENDM
                 
                 	.MACRO __ADDW1MN
                 	SUBI R30,LOW(-@0-(@1))
                 	SBCI R31,HIGH(-@0-(@1))
                 	.ENDM
                 
                 	.MACRO __ADDW2MN
                 	SUBI R26,LOW(-@0-(@1))
                 	SBCI R27,HIGH(-@0-(@1))
                 	.ENDM
                 
                 	.MACRO __ADDW1FN
                 	SUBI R30,LOW(-2*@0-(@1))
                 	SBCI R31,HIGH(-2*@0-(@1))
                 	.ENDM
                 
                 	.MACRO __ADDD1FN
                 	SUBI R30,LOW(-2*@0-(@1))
                 	SBCI R31,HIGH(-2*@0-(@1))
                 	SBCI R22,BYTE3(-2*@0-(@1))
                 	.ENDM
                 
                 	.MACRO __ADDD1N
                 	SUBI R30,LOW(-@0)
                 	SBCI R31,HIGH(-@0)
                 	SBCI R22,BYTE3(-@0)
                 	SBCI R23,BYTE4(-@0)
                 	.ENDM
                 
                 	.MACRO __ADDD2N
                 	SUBI R26,LOW(-@0)
                 	SBCI R27,HIGH(-@0)
                 	SBCI R24,BYTE3(-@0)
                 	SBCI R25,BYTE4(-@0)
                 	.ENDM
                 
                 	.MACRO __SUBD1N
                 	SUBI R30,LOW(@0)
                 	SBCI R31,HIGH(@0)
                 	SBCI R22,BYTE3(@0)
                 	SBCI R23,BYTE4(@0)
                 	.ENDM
                 
                 	.MACRO __SUBD2N
                 	SUBI R26,LOW(@0)
                 	SBCI R27,HIGH(@0)
                 	SBCI R24,BYTE3(@0)
                 	SBCI R25,BYTE4(@0)
                 	.ENDM
                 
                 	.MACRO __ANDBMNN
                 	LDS  R30,@0+(@1)
                 	ANDI R30,LOW(@2)
                 	STS  @0+(@1),R30
                 	.ENDM
                 
                 	.MACRO __ANDWMNN
                 	LDS  R30,@0+(@1)
                 	ANDI R30,LOW(@2)
                 	STS  @0+(@1),R30
                 	LDS  R30,@0+(@1)+1
                 	ANDI R30,HIGH(@2)
                 	STS  @0+(@1)+1,R30
                 	.ENDM
                 
                 	.MACRO __ANDD1N
                 	ANDI R30,LOW(@0)
                 	ANDI R31,HIGH(@0)
                 	ANDI R22,BYTE3(@0)
                 	ANDI R23,BYTE4(@0)
                 	.ENDM
                 
                 	.MACRO __ANDD2N
                 	ANDI R26,LOW(@0)
                 	ANDI R27,HIGH(@0)
                 	ANDI R24,BYTE3(@0)
                 	ANDI R25,BYTE4(@0)
                 	.ENDM
                 
                 	.MACRO __ORBMNN
                 	LDS  R30,@0+(@1)
                 	ORI  R30,LOW(@2)
                 	STS  @0+(@1),R30
                 	.ENDM
                 
                 	.MACRO __ORWMNN
                 	LDS  R30,@0+(@1)
                 	ORI  R30,LOW(@2)
                 	STS  @0+(@1),R30
                 	LDS  R30,@0+(@1)+1
                 	ORI  R30,HIGH(@2)
                 	STS  @0+(@1)+1,R30
                 	.ENDM
                 
                 	.MACRO __ORD1N
                 	ORI  R30,LOW(@0)
                 	ORI  R31,HIGH(@0)
                 	ORI  R22,BYTE3(@0)
                 	ORI  R23,BYTE4(@0)
                 	.ENDM
                 
                 	.MACRO __ORD2N
                 	ORI  R26,LOW(@0)
                 	ORI  R27,HIGH(@0)
                 	ORI  R24,BYTE3(@0)
                 	ORI  R25,BYTE4(@0)
                 	.ENDM
                 
                 	.MACRO __DELAY_USB
                 	LDI  R24,LOW(@0)
                 __DELAY_USB_LOOP:
                 	DEC  R24
                 	BRNE __DELAY_USB_LOOP
                 	.ENDM
                 
                 	.MACRO __DELAY_USW
                 	LDI  R24,LOW(@0)
                 	LDI  R25,HIGH(@0)
                 __DELAY_USW_LOOP:
                 	SBIW R24,1
                 	BRNE __DELAY_USW_LOOP
                 	.ENDM
                 
                 	.MACRO __GETD1S
                 	LDD  R30,Y+@0
                 	LDD  R31,Y+@0+1
                 	LDD  R22,Y+@0+2
                 	LDD  R23,Y+@0+3
                 	.ENDM
                 
                 	.MACRO __GETD2S
                 	LDD  R26,Y+@0
                 	LDD  R27,Y+@0+1
                 	LDD  R24,Y+@0+2
                 	LDD  R25,Y+@0+3
                 	.ENDM
                 
                 	.MACRO __PUTD1S
                 	STD  Y+@0,R30
                 	STD  Y+@0+1,R31
                 	STD  Y+@0+2,R22
                 	STD  Y+@0+3,R23
                 	.ENDM
                 
                 	.MACRO __PUTD2S
                 	STD  Y+@0,R26
                 	STD  Y+@0+1,R27
                 	STD  Y+@0+2,R24
                 	STD  Y+@0+3,R25
                 	.ENDM
                 
                 	.MACRO __PUTDZ2
                 	STD  Z+@0,R26
                 	STD  Z+@0+1,R27
                 	STD  Z+@0+2,R24
                 	STD  Z+@0+3,R25
                 	.ENDM
                 
                 	.MACRO __CLRD1S
                 	STD  Y+@0,R30
                 	STD  Y+@0+1,R30
                 	STD  Y+@0+2,R30
                 	STD  Y+@0+3,R30
                 	.ENDM
                 
                 	.MACRO __POINTB1MN
                 	LDI  R30,LOW(@0+(@1))
                 	.ENDM
                 
                 	.MACRO __POINTW1MN
                 	LDI  R30,LOW(@0+(@1))
                 	LDI  R31,HIGH(@0+(@1))
                 	.ENDM
                 
                 	.MACRO __POINTD1M
                 	LDI  R30,LOW(@0)
                 	LDI  R31,HIGH(@0)
                 	LDI  R22,BYTE3(@0)
                 	LDI  R23,BYTE4(@0)
                 	.ENDM
                 
                 	.MACRO __POINTW1FN
                 	LDI  R30,LOW(2*@0+(@1))
                 	LDI  R31,HIGH(2*@0+(@1))
                 	.ENDM
                 
                 	.MACRO __POINTD1FN
                 	LDI  R30,LOW(2*@0+(@1))
                 	LDI  R31,HIGH(2*@0+(@1))
                 	LDI  R22,BYTE3(2*@0+(@1))
                 	LDI  R23,BYTE4(2*@0+(@1))
                 	.ENDM
                 
                 	.MACRO __POINTB2MN
                 	LDI  R26,LOW(@0+(@1))
                 	.ENDM
                 
                 	.MACRO __POINTW2MN
                 	LDI  R26,LOW(@0+(@1))
                 	LDI  R27,HIGH(@0+(@1))
                 	.ENDM
                 
                 	.MACRO __POINTW2FN
                 	LDI  R26,LOW(2*@0+(@1))
                 	LDI  R27,HIGH(2*@0+(@1))
                 	.ENDM
                 
                 	.MACRO __POINTD2FN
                 	LDI  R26,LOW(2*@0+(@1))
                 	LDI  R27,HIGH(2*@0+(@1))
                 	LDI  R24,BYTE3(2*@0+(@1))
                 	LDI  R25,BYTE4(2*@0+(@1))
                 	.ENDM
                 
                 	.MACRO __POINTBRM
                 	LDI  R@0,LOW(@1)
                 	.ENDM
                 
                 	.MACRO __POINTWRM
                 	LDI  R@0,LOW(@2)
                 	LDI  R@1,HIGH(@2)
                 	.ENDM
                 
                 	.MACRO __POINTBRMN
                 	LDI  R@0,LOW(@1+(@2))
                 	.ENDM
                 
                 	.MACRO __POINTWRMN
                 	LDI  R@0,LOW(@2+(@3))
                 	LDI  R@1,HIGH(@2+(@3))
                 	.ENDM
                 
                 	.MACRO __POINTWRFN
                 	LDI  R@0,LOW(@2*2+(@3))
                 	LDI  R@1,HIGH(@2*2+(@3))
                 	.ENDM
                 
                 	.MACRO __GETD1N
                 	LDI  R30,LOW(@0)
                 	LDI  R31,HIGH(@0)
                 	LDI  R22,BYTE3(@0)
                 	LDI  R23,BYTE4(@0)
                 	.ENDM
                 
                 	.MACRO __GETD2N
                 	LDI  R26,LOW(@0)
                 	LDI  R27,HIGH(@0)
                 	LDI  R24,BYTE3(@0)
                 	LDI  R25,BYTE4(@0)
                 	.ENDM
                 
                 	.MACRO __GETB1MN
                 	LDS  R30,@0+(@1)
                 	.ENDM
                 
                 	.MACRO __GETB1HMN
                 	LDS  R31,@0+(@1)
                 	.ENDM
                 
                 	.MACRO __GETW1MN
                 	LDS  R30,@0+(@1)
                 	LDS  R31,@0+(@1)+1
                 	.ENDM
                 
                 	.MACRO __GETD1MN
                 	LDS  R30,@0+(@1)
                 	LDS  R31,@0+(@1)+1
                 	LDS  R22,@0+(@1)+2
                 	LDS  R23,@0+(@1)+3
                 	.ENDM
                 
                 	.MACRO __GETBRMN
                 	LDS  R@0,@1+(@2)
                 	.ENDM
                 
                 	.MACRO __GETWRMN
                 	LDS  R@0,@2+(@3)
                 	LDS  R@1,@2+(@3)+1
                 	.ENDM
                 
                 	.MACRO __GETWRZ
                 	LDD  R@0,Z+@2
                 	LDD  R@1,Z+@2+1
                 	.ENDM
                 
                 	.MACRO __GETD2Z
                 	LDD  R26,Z+@0
                 	LDD  R27,Z+@0+1
                 	LDD  R24,Z+@0+2
                 	LDD  R25,Z+@0+3
                 	.ENDM
                 
                 	.MACRO __GETB2MN
                 	LDS  R26,@0+(@1)
                 	.ENDM
                 
                 	.MACRO __GETW2MN
                 	LDS  R26,@0+(@1)
                 	LDS  R27,@0+(@1)+1
                 	.ENDM
                 
                 	.MACRO __GETD2MN
                 	LDS  R26,@0+(@1)
                 	LDS  R27,@0+(@1)+1
                 	LDS  R24,@0+(@1)+2
                 	LDS  R25,@0+(@1)+3
                 	.ENDM
                 
                 	.MACRO __PUTB1MN
                 	STS  @0+(@1),R30
                 	.ENDM
                 
                 	.MACRO __PUTW1MN
                 	STS  @0+(@1),R30
                 	STS  @0+(@1)+1,R31
                 	.ENDM
                 
                 	.MACRO __PUTD1MN
                 	STS  @0+(@1),R30
                 	STS  @0+(@1)+1,R31
                 	STS  @0+(@1)+2,R22
                 	STS  @0+(@1)+3,R23
                 	.ENDM
                 
                 	.MACRO __PUTB1EN
                 	LDI  R26,LOW(@0+(@1))
                 	LDI  R27,HIGH(@0+(@1))
                 	CALL __EEPROMWRB
                 	.ENDM
                 
                 	.MACRO __PUTW1EN
                 	LDI  R26,LOW(@0+(@1))
                 	LDI  R27,HIGH(@0+(@1))
                 	CALL __EEPROMWRW
                 	.ENDM
                 
                 	.MACRO __PUTD1EN
                 	LDI  R26,LOW(@0+(@1))
                 	LDI  R27,HIGH(@0+(@1))
                 	CALL __EEPROMWRD
                 	.ENDM
                 
                 	.MACRO __PUTBR0MN
                 	STS  @0+(@1),R0
                 	.ENDM
                 
                 	.MACRO __PUTBMRN
                 	STS  @0+(@1),R@2
                 	.ENDM
                 
                 	.MACRO __PUTWMRN
                 	STS  @0+(@1),R@2
                 	STS  @0+(@1)+1,R@3
                 	.ENDM
                 
                 	.MACRO __PUTBZR
                 	STD  Z+@1,R@0
                 	.ENDM
                 
                 	.MACRO __PUTWZR
                 	STD  Z+@2,R@0
                 	STD  Z+@2+1,R@1
                 	.ENDM
                 
                 	.MACRO __GETW1R
                 	MOV  R30,R@0
                 	MOV  R31,R@1
                 	.ENDM
                 
                 	.MACRO __GETW2R
                 	MOV  R26,R@0
                 	MOV  R27,R@1
                 	.ENDM
                 
                 	.MACRO __GETWRN
                 	LDI  R@0,LOW(@2)
                 	LDI  R@1,HIGH(@2)
                 	.ENDM
                 
                 	.MACRO __PUTW1R
                 	MOV  R@0,R30
                 	MOV  R@1,R31
                 	.ENDM
                 
                 	.MACRO __PUTW2R
                 	MOV  R@0,R26
                 	MOV  R@1,R27
                 	.ENDM
                 
                 	.MACRO __ADDWRN
                 	SUBI R@0,LOW(-@2)
                 	SBCI R@1,HIGH(-@2)
                 	.ENDM
                 
                 	.MACRO __ADDWRR
                 	ADD  R@0,R@2
                 	ADC  R@1,R@3
                 	.ENDM
                 
                 	.MACRO __SUBWRN
                 	SUBI R@0,LOW(@2)
                 	SBCI R@1,HIGH(@2)
                 	.ENDM
                 
                 	.MACRO __SUBWRR
                 	SUB  R@0,R@2
                 	SBC  R@1,R@3
                 	.ENDM
                 
                 	.MACRO __ANDWRN
                 	ANDI R@0,LOW(@2)
                 	ANDI R@1,HIGH(@2)
                 	.ENDM
                 
                 	.MACRO __ANDWRR
                 	AND  R@0,R@2
                 	AND  R@1,R@3
                 	.ENDM
                 
                 	.MACRO __ORWRN
                 	ORI  R@0,LOW(@2)
                 	ORI  R@1,HIGH(@2)
                 	.ENDM
                 
                 	.MACRO __ORWRR
                 	OR   R@0,R@2
                 	OR   R@1,R@3
                 	.ENDM
                 
                 	.MACRO __EORWRR
                 	EOR  R@0,R@2
                 	EOR  R@1,R@3
                 	.ENDM
                 
                 	.MACRO __GETWRS
                 	LDD  R@0,Y+@2
                 	LDD  R@1,Y+@2+1
                 	.ENDM
                 
                 	.MACRO __PUTBSR
                 	STD  Y+@1,R@0
                 	.ENDM
                 
                 	.MACRO __PUTWSR
                 	STD  Y+@2,R@0
                 	STD  Y+@2+1,R@1
                 	.ENDM
                 
                 	.MACRO __MOVEWRR
                 	MOV  R@0,R@2
                 	MOV  R@1,R@3
                 	.ENDM
                 
                 	.MACRO __INWR
                 	IN   R@0,@2
                 	IN   R@1,@2+1
                 	.ENDM
                 
                 	.MACRO __OUTWR
                 	OUT  @2+1,R@1
                 	OUT  @2,R@0
                 	.ENDM
                 
                 	.MACRO __CALL1MN
                 	LDS  R30,@0+(@1)
                 	LDS  R31,@0+(@1)+1
                 	ICALL
                 	.ENDM
                 
                 	.MACRO __CALL1FN
                 	LDI  R30,LOW(2*@0+(@1))
                 	LDI  R31,HIGH(2*@0+(@1))
                 	CALL __GETW1PF
                 	ICALL
                 	.ENDM
                 
                 	.MACRO __CALL2EN
                 	PUSH R26
                 	PUSH R27
                 	LDI  R26,LOW(@0+(@1))
                 	LDI  R27,HIGH(@0+(@1))
                 	CALL __EEPROMRDW
                 	POP  R27
                 	POP  R26
                 	ICALL
                 	.ENDM
                 
                 	.MACRO __CALL2EX
                 	SUBI R26,LOW(-@0)
                 	SBCI R27,HIGH(-@0)
                 	CALL __EEPROMRDD
                 	ICALL
                 	.ENDM
                 
                 	.MACRO __GETW1STACK
                 	IN   R30,SPL
                 	IN   R31,SPH
                 	ADIW R30,@0+1
                 	LD   R0,Z+
                 	LD   R31,Z
                 	MOV  R30,R0
                 	.ENDM
                 
                 	.MACRO __GETD1STACK
                 	IN   R30,SPL
                 	IN   R31,SPH
                 	ADIW R30,@0+1
                 	LD   R0,Z+
                 	LD   R1,Z+
                 	LD   R22,Z
                 	MOVW R30,R0
                 	.ENDM
                 
                 	.MACRO __NBST
                 	BST  R@0,@1
                 	IN   R30,SREG
                 	LDI  R31,0x40
                 	EOR  R30,R31
                 	OUT  SREG,R30
                 	.ENDM
                 
                 
                 	.MACRO __PUTB1SN
                 	LDD  R26,Y+@0
                 	LDD  R27,Y+@0+1
                 	SUBI R26,LOW(-@1)
                 	SBCI R27,HIGH(-@1)
                 	ST   X,R30
                 	.ENDM
                 
                 	.MACRO __PUTW1SN
                 	LDD  R26,Y+@0
                 	LDD  R27,Y+@0+1
                 	SUBI R26,LOW(-@1)
                 	SBCI R27,HIGH(-@1)
                 	ST   X+,R30
                 	ST   X,R31
                 	.ENDM
                 
                 	.MACRO __PUTD1SN
                 	LDD  R26,Y+@0
                 	LDD  R27,Y+@0+1
                 	SUBI R26,LOW(-@1)
                 	SBCI R27,HIGH(-@1)
                 	CALL __PUTDP1
                 	.ENDM
                 
                 	.MACRO __PUTB1SNS
                 	LDD  R26,Y+@0
                 	LDD  R27,Y+@0+1
                 	ADIW R26,@1
                 	ST   X,R30
                 	.ENDM
                 
                 	.MACRO __PUTW1SNS
                 	LDD  R26,Y+@0
                 	LDD  R27,Y+@0+1
                 	ADIW R26,@1
                 	ST   X+,R30
                 	ST   X,R31
                 	.ENDM
                 
                 	.MACRO __PUTD1SNS
                 	LDD  R26,Y+@0
                 	LDD  R27,Y+@0+1
                 	ADIW R26,@1
                 	CALL __PUTDP1
                 	.ENDM
                 
                 	.MACRO __PUTB1PMN
                 	LDS  R26,@0
                 	LDS  R27,@0+1
                 	SUBI R26,LOW(-@1)
                 	SBCI R27,HIGH(-@1)
                 	ST   X,R30
                 	.ENDM
                 
                 	.MACRO __PUTW1PMN
                 	LDS  R26,@0
                 	LDS  R27,@0+1
                 	SUBI R26,LOW(-@1)
                 	SBCI R27,HIGH(-@1)
                 	ST   X+,R30
                 	ST   X,R31
                 	.ENDM
                 
                 	.MACRO __PUTD1PMN
                 	LDS  R26,@0
                 	LDS  R27,@0+1
                 	SUBI R26,LOW(-@1)
                 	SBCI R27,HIGH(-@1)
                 	CALL __PUTDP1
                 	.ENDM
                 
                 	.MACRO __PUTB1PMNS
                 	LDS  R26,@0
                 	LDS  R27,@0+1
                 	ADIW R26,@1
                 	ST   X,R30
                 	.ENDM
                 
                 	.MACRO __PUTW1PMNS
                 	LDS  R26,@0
                 	LDS  R27,@0+1
                 	ADIW R26,@1
                 	ST   X+,R30
                 	ST   X,R31
                 	.ENDM
                 
                 	.MACRO __PUTD1PMNS
                 	LDS  R26,@0
                 	LDS  R27,@0+1
                 	ADIW R26,@1
                 	CALL __PUTDP1
                 	.ENDM
                 
                 	.MACRO __PUTB1RN
                 	MOVW R26,R@0
                 	SUBI R26,LOW(-@1)
                 	SBCI R27,HIGH(-@1)
                 	ST   X,R30
                 	.ENDM
                 
                 	.MACRO __PUTW1RN
                 	MOVW R26,R@0
                 	SUBI R26,LOW(-@1)
                 	SBCI R27,HIGH(-@1)
                 	ST   X+,R30
                 	ST   X,R31
                 	.ENDM
                 
                 	.MACRO __PUTD1RN
                 	MOVW R26,R@0
                 	SUBI R26,LOW(-@1)
                 	SBCI R27,HIGH(-@1)
                 	CALL __PUTDP1
                 	.ENDM
                 
                 	.MACRO __PUTB1RNS
                 	MOVW R26,R@0
                 	ADIW R26,@1
                 	ST   X,R30
                 	.ENDM
                 
                 	.MACRO __PUTW1RNS
                 	MOVW R26,R@0
                 	ADIW R26,@1
                 	ST   X+,R30
                 	ST   X,R31
                 	.ENDM
                 
                 	.MACRO __PUTD1RNS
                 	MOVW R26,R@0
                 	ADIW R26,@1
                 	CALL __PUTDP1
                 	.ENDM
                 
                 	.MACRO __PUTB1RON
                 	MOV  R26,R@0
                 	MOV  R27,R@1
                 	SUBI R26,LOW(-@2)
                 	SBCI R27,HIGH(-@2)
                 	ST   X,R30
                 	.ENDM
                 
                 	.MACRO __PUTW1RON
                 	MOV  R26,R@0
                 	MOV  R27,R@1
                 	SUBI R26,LOW(-@2)
                 	SBCI R27,HIGH(-@2)
                 	ST   X+,R30
                 	ST   X,R31
                 	.ENDM
                 
                 	.MACRO __PUTD1RON
                 	MOV  R26,R@0
                 	MOV  R27,R@1
                 	SUBI R26,LOW(-@2)
                 	SBCI R27,HIGH(-@2)
                 	CALL __PUTDP1
                 	.ENDM
                 
                 	.MACRO __PUTB1RONS
                 	MOV  R26,R@0
                 	MOV  R27,R@1
                 	ADIW R26,@2
                 	ST   X,R30
                 	.ENDM
                 
                 	.MACRO __PUTW1RONS
                 	MOV  R26,R@0
                 	MOV  R27,R@1
                 	ADIW R26,@2
                 	ST   X+,R30
                 	ST   X,R31
                 	.ENDM
                 
                 	.MACRO __PUTD1RONS
                 	MOV  R26,R@0
                 	MOV  R27,R@1
                 	ADIW R26,@2
                 	CALL __PUTDP1
                 	.ENDM
                 
                 
                 	.MACRO __GETB1SX
                 	MOVW R30,R28
                 	SUBI R30,LOW(-@0)
                 	SBCI R31,HIGH(-@0)
                 	LD   R30,Z
                 	.ENDM
                 
                 	.MACRO __GETB1HSX
                 	MOVW R30,R28
                 	SUBI R30,LOW(-@0)
                 	SBCI R31,HIGH(-@0)
                 	LD   R31,Z
                 	.ENDM
                 
                 	.MACRO __GETW1SX
                 	MOVW R30,R28
                 	SUBI R30,LOW(-@0)
                 	SBCI R31,HIGH(-@0)
                 	LD   R0,Z+
                 	LD   R31,Z
                 	MOV  R30,R0
                 	.ENDM
                 
                 	.MACRO __GETD1SX
                 	MOVW R30,R28
                 	SUBI R30,LOW(-@0)
                 	SBCI R31,HIGH(-@0)
                 	LD   R0,Z+
                 	LD   R1,Z+
                 	LD   R22,Z+
                 	LD   R23,Z
                 	MOVW R30,R0
                 	.ENDM
                 
                 	.MACRO __GETB2SX
                 	MOVW R26,R28
                 	SUBI R26,LOW(-@0)
                 	SBCI R27,HIGH(-@0)
                 	LD   R26,X
                 	.ENDM
                 
                 	.MACRO __GETW2SX
                 	MOVW R26,R28
                 	SUBI R26,LOW(-@0)
                 	SBCI R27,HIGH(-@0)
                 	LD   R0,X+
                 	LD   R27,X
                 	MOV  R26,R0
                 	.ENDM
                 
                 	.MACRO __GETD2SX
                 	MOVW R26,R28
                 	SUBI R26,LOW(-@0)
                 	SBCI R27,HIGH(-@0)
                 	LD   R0,X+
                 	LD   R1,X+
                 	LD   R24,X+
                 	LD   R25,X
                 	MOVW R26,R0
                 	.ENDM
                 
                 	.MACRO __GETBRSX
                 	MOVW R30,R28
                 	SUBI R30,LOW(-@1)
                 	SBCI R31,HIGH(-@1)
                 	LD   R@0,Z
                 	.ENDM
                 
                 	.MACRO __GETWRSX
                 	MOVW R30,R28
                 	SUBI R30,LOW(-@2)
                 	SBCI R31,HIGH(-@2)
                 	LD   R@0,Z+
                 	LD   R@1,Z
                 	.ENDM
                 
                 	.MACRO __GETBRSX2
                 	MOVW R26,R28
                 	SUBI R26,LOW(-@1)
                 	SBCI R27,HIGH(-@1)
                 	LD   R@0,X
                 	.ENDM
                 
                 	.MACRO __GETWRSX2
                 	MOVW R26,R28
                 	SUBI R26,LOW(-@2)
                 	SBCI R27,HIGH(-@2)
                 	LD   R@0,X+
                 	LD   R@1,X
                 	.ENDM
                 
                 	.MACRO __LSLW8SX
                 	MOVW R30,R28
                 	SUBI R30,LOW(-@0)
                 	SBCI R31,HIGH(-@0)
                 	LD   R31,Z
                 	CLR  R30
                 	.ENDM
                 
                 	.MACRO __PUTB1SX
                 	MOVW R26,R28
                 	SUBI R26,LOW(-@0)
                 	SBCI R27,HIGH(-@0)
                 	ST   X,R30
                 	.ENDM
                 
                 	.MACRO __PUTW1SX
                 	MOVW R26,R28
                 	SUBI R26,LOW(-@0)
                 	SBCI R27,HIGH(-@0)
                 	ST   X+,R30
                 	ST   X,R31
                 	.ENDM
                 
                 	.MACRO __PUTD1SX
                 	MOVW R26,R28
                 	SUBI R26,LOW(-@0)
                 	SBCI R27,HIGH(-@0)
                 	ST   X+,R30
                 	ST   X+,R31
                 	ST   X+,R22
                 	ST   X,R23
                 	.ENDM
                 
                 	.MACRO __CLRW1SX
                 	MOVW R26,R28
                 	SUBI R26,LOW(-@0)
                 	SBCI R27,HIGH(-@0)
                 	ST   X+,R30
                 	ST   X,R30
                 	.ENDM
                 
                 	.MACRO __CLRD1SX
                 	MOVW R26,R28
                 	SUBI R26,LOW(-@0)
                 	SBCI R27,HIGH(-@0)
                 	ST   X+,R30
                 	ST   X+,R30
                 	ST   X+,R30
                 	ST   X,R30
                 	.ENDM
                 
                 	.MACRO __PUTB2SX
                 	MOVW R30,R28
                 	SUBI R30,LOW(-@0)
                 	SBCI R31,HIGH(-@0)
                 	ST   Z,R26
                 	.ENDM
                 
                 	.MACRO __PUTW2SX
                 	MOVW R30,R28
                 	SUBI R30,LOW(-@0)
                 	SBCI R31,HIGH(-@0)
                 	ST   Z+,R26
                 	ST   Z,R27
                 	.ENDM
                 
                 	.MACRO __PUTD2SX
                 	MOVW R30,R28
                 	SUBI R30,LOW(-@0)
                 	SBCI R31,HIGH(-@0)
                 	ST   Z+,R26
                 	ST   Z+,R27
                 	ST   Z+,R24
                 	ST   Z,R25
                 	.ENDM
                 
                 	.MACRO __PUTBSRX
                 	MOVW R30,R28
                 	SUBI R30,LOW(-@1)
                 	SBCI R31,HIGH(-@1)
                 	ST   Z,R@0
                 	.ENDM
                 
                 	.MACRO __PUTWSRX
                 	MOVW R30,R28
                 	SUBI R30,LOW(-@2)
                 	SBCI R31,HIGH(-@2)
                 	ST   Z+,R@0
                 	ST   Z,R@1
                 	.ENDM
                 
                 	.MACRO __PUTB1SNX
                 	MOVW R26,R28
                 	SUBI R26,LOW(-@0)
                 	SBCI R27,HIGH(-@0)
                 	LD   R0,X+
                 	LD   R27,X
                 	MOV  R26,R0
                 	SUBI R26,LOW(-@1)
                 	SBCI R27,HIGH(-@1)
                 	ST   X,R30
                 	.ENDM
                 
                 	.MACRO __PUTW1SNX
                 	MOVW R26,R28
                 	SUBI R26,LOW(-@0)
                 	SBCI R27,HIGH(-@0)
                 	LD   R0,X+
                 	LD   R27,X
                 	MOV  R26,R0
                 	SUBI R26,LOW(-@1)
                 	SBCI R27,HIGH(-@1)
                 	ST   X+,R30
                 	ST   X,R31
                 	.ENDM
                 
                 	.MACRO __PUTD1SNX
                 	MOVW R26,R28
                 	SUBI R26,LOW(-@0)
                 	SBCI R27,HIGH(-@0)
                 	LD   R0,X+
                 	LD   R27,X
                 	MOV  R26,R0
                 	SUBI R26,LOW(-@1)
                 	SBCI R27,HIGH(-@1)
                 	ST   X+,R30
                 	ST   X+,R31
                 	ST   X+,R22
                 	ST   X,R23
                 	.ENDM
                 
                 	.MACRO __MULBRR
                 	MULS R@0,R@1
                 	MOVW R30,R0
                 	.ENDM
                 
                 	.MACRO __MULBRRU
                 	MUL  R@0,R@1
                 	MOVW R30,R0
                 	.ENDM
                 
                 	.MACRO __MULBRR0
                 	MULS R@0,R@1
                 	.ENDM
                 
                 	.MACRO __MULBRRU0
                 	MUL  R@0,R@1
                 	.ENDM
                 
                 	.MACRO __MULBNWRU
                 	LDI  R26,@2
                 	MUL  R26,R@0
                 	MOVW R30,R0
                 	MUL  R26,R@1
                 	ADD  R31,R0
                 	.ENDM
                 
                 	.CSEG
                 	.ORG 0x00
                 
                 ;START OF CODE MARKER
                 __START_OF_CODE:
                 
                 ;INTERRUPT VECTORS
000000 940c 012b 	JMP  __RESET
000002 940c 0000 	JMP  0x00
000004 940c 0000 	JMP  0x00
000006 940c 0000 	JMP  0x00
000008 940c 0000 	JMP  0x00
00000a 940c 0000 	JMP  0x00
00000c 940c 0000 	JMP  0x00
00000e 940c 0000 	JMP  0x00
000010 940c 0000 	JMP  0x00
000012 940c 0000 	JMP  0x00
000014 940c 0000 	JMP  0x00
000016 940c 0000 	JMP  0x00
000018 940c 0000 	JMP  0x00
00001a 940c 0000 	JMP  0x00
00001c 940c 0000 	JMP  0x00
00001e 940c 0000 	JMP  0x00
000020 940c 0000 	JMP  0x00
000022 940c 0000 	JMP  0x00
000024 940c 0000 	JMP  0x00
000026 940c 0000 	JMP  0x00
000028 940c 0000 	JMP  0x00
                 
                 _font5x7:
00002a 0705
00002b 6020
00002c 0000
00002d 0000      	.DB  0x5,0x7,0x20,0x60,0x0,0x0,0x0,0x0
00002e 0000
00002f 0400
000030 040a
000031 0700      	.DB  0x0,0x0,0x0,0x4,0xA,0x4,0x0,0x7
000032 0700
000033 1400
000034 147f
000035 147f      	.DB  0x0,0x7,0x0,0x14,0x7F,0x14,0x7F,0x14
000036 2a24
000037 2a7f
000038 2312
000039 0813      	.DB  0x24,0x2A,0x7F,0x2A,0x12,0x23,0x13,0x8
00003a 6264
00003b 4936
00003c 2255
00003d 0050      	.DB  0x64,0x62,0x36,0x49,0x55,0x22,0x50,0x0
00003e 0305
00003f 0000
000040 1c00
000041 4122      	.DB  0x5,0x3,0x0,0x0,0x0,0x1C,0x22,0x41
000042 0000
000043 2241
000044 001c
000045 2a08      	.DB  0x0,0x0,0x41,0x22,0x1C,0x0,0x8,0x2A
000046 2a1c
000047 0808
000048 3e08
000049 0808      	.DB  0x1C,0x2A,0x8,0x8,0x8,0x3E,0x8,0x8
00004a 5000
00004b 0030
00004c 0800
00004d 0808      	.DB  0x0,0x50,0x30,0x0,0x0,0x8,0x8,0x8
00004e 0808
00004f 3000
000050 0030
000051 2000      	.DB  0x8,0x8,0x0,0x30,0x30,0x0,0x0,0x20
000052 0810
000053 0204
000054 513e
000055 4549      	.DB  0x10,0x8,0x4,0x2,0x3E,0x51,0x49,0x45
000056 003e
000057 7f42
000058 0040
000059 6142      	.DB  0x3E,0x0,0x42,0x7F,0x40,0x0,0x42,0x61
00005a 4951
00005b 2146
00005c 4541
00005d 314b      	.DB  0x51,0x49,0x46,0x21,0x41,0x45,0x4B,0x31
00005e 1418
00005f 7f12
000060 2710
000061 4545      	.DB  0x18,0x14,0x12,0x7F,0x10,0x27,0x45,0x45
000062 3945
000063 4a3c
000064 4949
000065 0130      	.DB  0x45,0x39,0x3C,0x4A,0x49,0x49,0x30,0x1
000066 0971
000067 0305
000068 4936
000069 4949      	.DB  0x71,0x9,0x5,0x3,0x36,0x49,0x49,0x49
00006a 0636
00006b 4949
00006c 1e29
00006d 3600      	.DB  0x36,0x6,0x49,0x49,0x29,0x1E,0x0,0x36
00006e 0036
00006f 0000
000070 3656
000071 0000      	.DB  0x36,0x0,0x0,0x0,0x56,0x36,0x0,0x0
000072 0800
000073 2214
000074 1441
000075 1414      	.DB  0x0,0x8,0x14,0x22,0x41,0x14,0x14,0x14
000076 1414
000077 2241
000078 0814
000079 0200      	.DB  0x14,0x14,0x41,0x22,0x14,0x8,0x0,0x2
00007a 5101
00007b 0609
00007c 4932
00007d 4179      	.DB  0x1,0x51,0x9,0x6,0x32,0x49,0x79,0x41
00007e 7e3e
00007f 1111
000080 7e11
000081 497f      	.DB  0x3E,0x7E,0x11,0x11,0x11,0x7E,0x7F,0x49
000082 4949
000083 3e36
000084 4141
000085 2241      	.DB  0x49,0x49,0x36,0x3E,0x41,0x41,0x41,0x22
000086 417f
000087 2241
000088 7f1c
000089 4949      	.DB  0x7F,0x41,0x41,0x22,0x1C,0x7F,0x49,0x49
00008a 4149
00008b 097f
00008c 0109
00008d 3e01      	.DB  0x49,0x41,0x7F,0x9,0x9,0x1,0x1,0x3E
00008e 4141
00008f 3251
000090 087f
000091 0808      	.DB  0x41,0x41,0x51,0x32,0x7F,0x8,0x8,0x8
000092 007f
000093 7f41
000094 0041
000095 4020      	.DB  0x7F,0x0,0x41,0x7F,0x41,0x0,0x20,0x40
000096 3f41
000097 7f01
000098 1408
000099 4122      	.DB  0x41,0x3F,0x1,0x7F,0x8,0x14,0x22,0x41
00009a 407f
00009b 4040
00009c 7f40
00009d 0402      	.DB  0x7F,0x40,0x40,0x40,0x40,0x7F,0x2,0x4
00009e 7f02
00009f 047f
0000a0 1008
0000a1 3e7f      	.DB  0x2,0x7F,0x7F,0x4,0x8,0x10,0x7F,0x3E
0000a2 4141
0000a3 3e41
0000a4 097f
0000a5 0909      	.DB  0x41,0x41,0x41,0x3E,0x7F,0x9,0x9,0x9
0000a6 3e06
0000a7 5141
0000a8 5e21
0000a9 097f      	.DB  0x6,0x3E,0x41,0x51,0x21,0x5E,0x7F,0x9
0000aa 2919
0000ab 4646
0000ac 4949
0000ad 3149      	.DB  0x19,0x29,0x46,0x46,0x49,0x49,0x49,0x31
0000ae 0101
0000af 017f
0000b0 3f01
0000b1 4040      	.DB  0x1,0x1,0x7F,0x1,0x1,0x3F,0x40,0x40
0000b2 3f40
0000b3 201f
0000b4 2040
0000b5 7f1f      	.DB  0x40,0x3F,0x1F,0x20,0x40,0x20,0x1F,0x7F
0000b6 1820
0000b7 7f20
0000b8 1463
0000b9 1408      	.DB  0x20,0x18,0x20,0x7F,0x63,0x14,0x8,0x14
0000ba 0363
0000bb 7804
0000bc 0304
0000bd 5161      	.DB  0x63,0x3,0x4,0x78,0x4,0x3,0x61,0x51
0000be 4549
0000bf 0043
0000c0 7f00
0000c1 4141      	.DB  0x49,0x45,0x43,0x0,0x0,0x7F,0x41,0x41
0000c2 0402
0000c3 1008
0000c4 4120
0000c5 7f41      	.DB  0x2,0x4,0x8,0x10,0x20,0x41,0x41,0x7F
0000c6 0000
0000c7 0204
0000c8 0201
0000c9 4004      	.DB  0x0,0x0,0x4,0x2,0x1,0x2,0x4,0x40
0000ca 4040
0000cb 4040
0000cc 0100
0000cd 0402      	.DB  0x40,0x40,0x40,0x40,0x0,0x1,0x2,0x4
0000ce 2000
0000cf 5454
0000d0 7854
0000d1 487f      	.DB  0x0,0x20,0x54,0x54,0x54,0x78,0x7F,0x48
0000d2 4444
0000d3 3838
0000d4 4444
0000d5 2044      	.DB  0x44,0x44,0x38,0x38,0x44,0x44,0x44,0x20
0000d6 4438
0000d7 4844
0000d8 387f
0000d9 5454      	.DB  0x38,0x44,0x44,0x48,0x7F,0x38,0x54,0x54
0000da 1854
0000db 7e08
0000dc 0109
0000dd 0802      	.DB  0x54,0x18,0x8,0x7E,0x9,0x1,0x2,0x8
0000de 5414
0000df 3c54
0000e0 087f
0000e1 0404      	.DB  0x14,0x54,0x54,0x3C,0x7F,0x8,0x4,0x4
0000e2 0078
0000e3 7d44
0000e4 0040
0000e5 4020      	.DB  0x78,0x0,0x44,0x7D,0x40,0x0,0x20,0x40
0000e6 3d44
0000e7 0000
0000e8 107f
0000e9 4428      	.DB  0x44,0x3D,0x0,0x0,0x7F,0x10,0x28,0x44
0000ea 4100
0000eb 407f
0000ec 7c00
0000ed 1804      	.DB  0x0,0x41,0x7F,0x40,0x0,0x7C,0x4,0x18
0000ee 7804
0000ef 087c
0000f0 0404
0000f1 3878      	.DB  0x4,0x78,0x7C,0x8,0x4,0x4,0x78,0x38
0000f2 4444
0000f3 3844
0000f4 147c
0000f5 1414      	.DB  0x44,0x44,0x44,0x38,0x7C,0x14,0x14,0x14
0000f6 0808
0000f7 1414
0000f8 7c18
0000f9 087c      	.DB  0x8,0x8,0x14,0x14,0x18,0x7C,0x7C,0x8
0000fa 0404
0000fb 4808
0000fc 5454
0000fd 2054      	.DB  0x4,0x4,0x8,0x48,0x54,0x54,0x54,0x20
0000fe 3f04
0000ff 4044
000100 3c20
000101 4040      	.DB  0x4,0x3F,0x44,0x40,0x20,0x3C,0x40,0x40
000102 7c20
000103 201c
000104 2040
000105 3c1c      	.DB  0x20,0x7C,0x1C,0x20,0x40,0x20,0x1C,0x3C
000106 3040
000107 3c40
000108 2844
000109 2810      	.DB  0x40,0x30,0x40,0x3C,0x44,0x28,0x10,0x28
00010a 0c44
00010b 5050
00010c 3c50
00010d 6444      	.DB  0x44,0xC,0x50,0x50,0x50,0x3C,0x44,0x64
00010e 4c54
00010f 0044
000110 3608
000111 0041      	.DB  0x54,0x4C,0x44,0x0,0x8,0x36,0x41,0x0
000112 0000
000113 007f
000114 0000
000115 3641      	.DB  0x0,0x0,0x7F,0x0,0x0,0x0,0x41,0x36
000116 0008
000117 0102
000118 0402
000119 7f02      	.DB  0x8,0x0,0x2,0x1,0x2,0x4,0x2,0x7F
00011a 4141
00011b 7f41      	.DB  0x41,0x41,0x41,0x7F
                 __glcd_mask:
00011c 0100
00011d 0703
00011e 1f0f
00011f 7f3f      	.DB  0x0,0x1,0x3,0x7,0xF,0x1F,0x3F,0x7F
D:\ZGreenhouse\DHT11\Debug\List\dht11.asm(1179): warning: .cseg .db misalignment - padding zero byte
000120 00ff      	.DB  0xFF
                 
                 _0x20C0060:
D:\ZGreenhouse\DHT11\Debug\List\dht11.asm(1182): warning: .cseg .db misalignment - padding zero byte
000121 0001      	.DB  0x1
                 _0x20C0000:
000122 4e2d
000123 4e41
000124 4900
000125 464e      	.DB  0x2D,0x4E,0x41,0x4E,0x0,0x49,0x4E,0x46
D:\ZGreenhouse\DHT11\Debug\List\dht11.asm(1185): warning: .cseg .db misalignment - padding zero byte
000126 0000      	.DB  0x0
                 
                 __GLOBAL_INI_TBL:
000127 0001      	.DW  0x01
000128 0477      	.DW  __seed_G106
000129 0242      	.DW  _0x20C0060*2
                 
                 _0xFFFFFFFF:
00012a 0000      	.DW  0
                 
                 #define __GLOBAL_INI_TBL_PRESENT 1
                 
                 __RESET:
00012b 94f8      	CLI
00012c 27ee      	CLR  R30
00012d bbec      	OUT  EECR,R30
                 
                 ;INTERRUPT VECTORS ARE PLACED
                 ;AT THE START OF FLASH
00012e e0f1      	LDI  R31,1
00012f bff5      	OUT  MCUCR,R31
000130 bfe5      	OUT  MCUCR,R30
                 
                 ;CLEAR R2-R14
000131 e08d      	LDI  R24,(14-2)+1
000132 e0a2      	LDI  R26,2
000133 27bb      	CLR  R27
                 __CLEAR_REG:
000134 93ed      	ST   X+,R30
000135 958a      	DEC  R24
000136 f7e9      	BRNE __CLEAR_REG
                 
                 ;CLEAR SRAM
000137 e080      	LDI  R24,LOW(__CLEAR_SRAM_SIZE)
000138 e098      	LDI  R25,HIGH(__CLEAR_SRAM_SIZE)
000139 e6a0      	LDI  R26,__SRAM_START
                 __CLEAR_SRAM:
00013a 93ed      	ST   X+,R30
00013b 9701      	SBIW R24,1
00013c f7e9      	BRNE __CLEAR_SRAM
                 
                 ;GLOBAL VARIABLES INITIALIZATION
00013d e4ee      	LDI  R30,LOW(__GLOBAL_INI_TBL*2)
00013e e0f2      	LDI  R31,HIGH(__GLOBAL_INI_TBL*2)
                 __GLOBAL_INI_NEXT:
00013f 9185      	LPM  R24,Z+
000140 9195      	LPM  R25,Z+
000141 9700      	SBIW R24,0
000142 f061      	BREQ __GLOBAL_INI_END
000143 91a5      	LPM  R26,Z+
000144 91b5      	LPM  R27,Z+
000145 9005      	LPM  R0,Z+
000146 9015      	LPM  R1,Z+
000147 01bf      	MOVW R22,R30
000148 01f0      	MOVW R30,R0
                 __GLOBAL_INI_LOOP:
000149 9005      	LPM  R0,Z+
00014a 920d      	ST   X+,R0
00014b 9701      	SBIW R24,1
00014c f7e1      	BRNE __GLOBAL_INI_LOOP
00014d 01fb      	MOVW R30,R22
00014e cff0      	RJMP __GLOBAL_INI_NEXT
                 __GLOBAL_INI_END:
                 
                 ;HARDWARE STACK POINTER INITIALIZATION
00014f e5ef      	LDI  R30,LOW(__SRAM_END-__HEAP_SIZE)
000150 bfed      	OUT  SPL,R30
000151 e0e8      	LDI  R30,HIGH(__SRAM_END-__HEAP_SIZE)
000152 bfee      	OUT  SPH,R30
                 
                 ;DATA STACK POINTER INITIALIZATION
000153 e6c0      	LDI  R28,LOW(__SRAM_START+__DSTACK_SIZE)
000154 e0d2      	LDI  R29,HIGH(__SRAM_START+__DSTACK_SIZE)
                 
000155 940c 0157 	JMP  _main
                 
                 	.ESEG
                 	.ORG 0
                 
                 	.DSEG
                 	.ORG 0x260
                 
                 	.CSEG
                 ;/*******************************************************
                 ;This program was created by the
                 ;CodeWizardAVR V3.12 Advanced
                 ;Automatic Program Generator
                 ;© Copyright 1998-2014 Pavel Haiduc, HP InfoTech s.r.l.
                 ;http://www.hpinfotech.com
                 ;
                 ;Project :
                 ;Version :
                 ;Date    : 24/03/2019
                 ;Author  :
                 ;Company :
                 ;Comments:
                 ;
                 ;
                 ;Chip type               : ATmega32A
                 ;Program type            : Application
                 ;AVR Core Clock frequency: 8,000000 MHz
                 ;Memory model            : Small
                 ;External RAM size       : 0
                 ;Data Stack size         : 512
                 ;*******************************************************/
                 ;
                 ;#include <mega32a.h>
                 	#ifndef __SLEEP_DEFINED__
                 	#define __SLEEP_DEFINED__
                 	.EQU __se_bit=0x80
                 	.EQU __sm_mask=0x70
                 	.EQU __sm_powerdown=0x20
                 	.EQU __sm_powersave=0x30
                 	.EQU __sm_standby=0x60
                 	.EQU __sm_ext_standby=0x70
                 	.EQU __sm_adc_noise_red=0x10
                 	.SET power_ctrl_reg=mcucr
                 	#endif
                 ;
                 ;// Graphic Display functions
                 ;#include <glcd.h>
                 ;
                 ;// Font used for displaying text
                 ;// on the graphic display
                 ;#include <font5x7.h>
                 ;
                 ;// Declare your global variables here
                 ;
                 ;void main(void)
                 ; 0000 0024 {
                 
                 	.CSEG
                 _main:
                 ; .FSTART _main
                 ; 0000 0025 // Declare your local variables here
                 ; 0000 0026 // Variable used to store graphic display
                 ; 0000 0027 // controller initialization data
                 ; 0000 0028 GLCDINIT_t glcd_init_data;
                 ; 0000 0029 
                 ; 0000 002A // Input/Output Ports initialization
                 ; 0000 002B // Port A initialization
                 ; 0000 002C // Function: Bit7=In Bit6=In Bit5=In Bit4=In Bit3=In Bit2=In Bit1=In Bit0=In
                 ; 0000 002D DDRA=(0<<DDA7) | (0<<DDA6) | (0<<DDA5) | (0<<DDA4) | (0<<DDA3) | (0<<DDA2) | (0<<DDA1) | (0<<DDA0);
000157 9728      	SBIW R28,8
                 ;	glcd_init_data -> Y+0
000158 e0e0      	LDI  R30,LOW(0)
000159 bbea      	OUT  0x1A,R30
                 ; 0000 002E // State: Bit7=T Bit6=T Bit5=T Bit4=T Bit3=T Bit2=T Bit1=P Bit0=T
                 ; 0000 002F PORTA=(0<<PORTA7) | (0<<PORTA6) | (0<<PORTA5) | (0<<PORTA4) | (0<<PORTA3) | (0<<PORTA2) | (1<<PORTA1) | (0<<PORTA0);
00015a e0e2      	LDI  R30,LOW(2)
00015b bbeb      	OUT  0x1B,R30
                 ; 0000 0030 
                 ; 0000 0031 // Port B initialization
                 ; 0000 0032 // Function: Bit7=In Bit6=In Bit5=In Bit4=In Bit3=In Bit2=In Bit1=In Bit0=In
                 ; 0000 0033 DDRB=(0<<DDB7) | (0<<DDB6) | (0<<DDB5) | (0<<DDB4) | (0<<DDB3) | (0<<DDB2) | (0<<DDB1) | (0<<DDB0);
00015c e0e0      	LDI  R30,LOW(0)
00015d bbe7      	OUT  0x17,R30
                 ; 0000 0034 // State: Bit7=T Bit6=T Bit5=T Bit4=T Bit3=T Bit2=T Bit1=T Bit0=T
                 ; 0000 0035 PORTB=(0<<PORTB7) | (0<<PORTB6) | (0<<PORTB5) | (0<<PORTB4) | (0<<PORTB3) | (0<<PORTB2) | (0<<PORTB1) | (0<<PORTB0);
00015e bbe8      	OUT  0x18,R30
                 ; 0000 0036 
                 ; 0000 0037 // Port C initialization
                 ; 0000 0038 // Function: Bit7=In Bit6=In Bit5=In Bit4=In Bit3=In Bit2=In Bit1=In Bit0=In
                 ; 0000 0039 DDRC=(0<<DDC7) | (0<<DDC6) | (0<<DDC5) | (0<<DDC4) | (0<<DDC3) | (0<<DDC2) | (0<<DDC1) | (0<<DDC0);
00015f bbe4      	OUT  0x14,R30
                 ; 0000 003A // State: Bit7=T Bit6=T Bit5=T Bit4=T Bit3=T Bit2=T Bit1=T Bit0=T
                 ; 0000 003B PORTC=(0<<PORTC7) | (0<<PORTC6) | (0<<PORTC5) | (0<<PORTC4) | (0<<PORTC3) | (0<<PORTC2) | (0<<PORTC1) | (0<<PORTC0);
000160 bbe5      	OUT  0x15,R30
                 ; 0000 003C 
                 ; 0000 003D // Port D initialization
                 ; 0000 003E // Function: Bit7=In Bit6=In Bit5=In Bit4=In Bit3=In Bit2=In Bit1=In Bit0=In
                 ; 0000 003F DDRD=(0<<DDD7) | (0<<DDD6) | (0<<DDD5) | (0<<DDD4) | (0<<DDD3) | (0<<DDD2) | (0<<DDD1) | (0<<DDD0);
000161 bbe1      	OUT  0x11,R30
                 ; 0000 0040 // State: Bit7=T Bit6=T Bit5=T Bit4=T Bit3=T Bit2=T Bit1=T Bit0=T
                 ; 0000 0041 PORTD=(0<<PORTD7) | (0<<PORTD6) | (0<<PORTD5) | (0<<PORTD4) | (0<<PORTD3) | (0<<PORTD2) | (0<<PORTD1) | (0<<PORTD0);
000162 bbe2      	OUT  0x12,R30
                 ; 0000 0042 
                 ; 0000 0043 // Timer/Counter 0 initialization
                 ; 0000 0044 // Clock source: System Clock
                 ; 0000 0045 // Clock value: Timer 0 Stopped
                 ; 0000 0046 // Mode: Normal top=0xFF
                 ; 0000 0047 // OC0 output: Disconnected
                 ; 0000 0048 TCCR0=(0<<WGM00) | (0<<COM01) | (0<<COM00) | (0<<WGM01) | (0<<CS02) | (0<<CS01) | (0<<CS00);
000163 bfe3      	OUT  0x33,R30
                 ; 0000 0049 TCNT0=0x00;
000164 bfe2      	OUT  0x32,R30
                 ; 0000 004A OCR0=0x00;
000165 bfec      	OUT  0x3C,R30
                 ; 0000 004B 
                 ; 0000 004C // Timer/Counter 1 initialization
                 ; 0000 004D // Clock source: System Clock
                 ; 0000 004E // Clock value: Timer1 Stopped
                 ; 0000 004F // Mode: Normal top=0xFFFF
                 ; 0000 0050 // OC1A output: Disconnected
                 ; 0000 0051 // OC1B output: Disconnected
                 ; 0000 0052 // Noise Canceler: Off
                 ; 0000 0053 // Input Capture on Falling Edge
                 ; 0000 0054 // Timer1 Overflow Interrupt: Off
                 ; 0000 0055 // Input Capture Interrupt: Off
                 ; 0000 0056 // Compare A Match Interrupt: Off
                 ; 0000 0057 // Compare B Match Interrupt: Off
                 ; 0000 0058 TCCR1A=(0<<COM1A1) | (0<<COM1A0) | (0<<COM1B1) | (0<<COM1B0) | (0<<WGM11) | (0<<WGM10);
000166 bdef      	OUT  0x2F,R30
                 ; 0000 0059 TCCR1B=(0<<ICNC1) | (0<<ICES1) | (0<<WGM13) | (0<<WGM12) | (0<<CS12) | (0<<CS11) | (0<<CS10);
000167 bdee      	OUT  0x2E,R30
                 ; 0000 005A TCNT1H=0x00;
000168 bded      	OUT  0x2D,R30
                 ; 0000 005B TCNT1L=0x00;
000169 bdec      	OUT  0x2C,R30
                 ; 0000 005C ICR1H=0x00;
00016a bde7      	OUT  0x27,R30
                 ; 0000 005D ICR1L=0x00;
00016b bde6      	OUT  0x26,R30
                 ; 0000 005E OCR1AH=0x00;
00016c bdeb      	OUT  0x2B,R30
                 ; 0000 005F OCR1AL=0x00;
00016d bdea      	OUT  0x2A,R30
                 ; 0000 0060 OCR1BH=0x00;
00016e bde9      	OUT  0x29,R30
                 ; 0000 0061 OCR1BL=0x00;
00016f bde8      	OUT  0x28,R30
                 ; 0000 0062 
                 ; 0000 0063 // Timer/Counter 2 initialization
                 ; 0000 0064 // Clock source: System Clock
                 ; 0000 0065 // Clock value: Timer2 Stopped
                 ; 0000 0066 // Mode: Normal top=0xFF
                 ; 0000 0067 // OC2 output: Disconnected
                 ; 0000 0068 ASSR=0<<AS2;
000170 bde2      	OUT  0x22,R30
                 ; 0000 0069 TCCR2=(0<<PWM2) | (0<<COM21) | (0<<COM20) | (0<<CTC2) | (0<<CS22) | (0<<CS21) | (0<<CS20);
000171 bde5      	OUT  0x25,R30
                 ; 0000 006A TCNT2=0x00;
000172 bde4      	OUT  0x24,R30
                 ; 0000 006B OCR2=0x00;
000173 bde3      	OUT  0x23,R30
                 ; 0000 006C 
                 ; 0000 006D // Timer(s)/Counter(s) Interrupt(s) initialization
                 ; 0000 006E TIMSK=(0<<OCIE2) | (0<<TOIE2) | (0<<TICIE1) | (0<<OCIE1A) | (0<<OCIE1B) | (0<<TOIE1) | (0<<OCIE0) | (0<<TOIE0);
000174 bfe9      	OUT  0x39,R30
                 ; 0000 006F 
                 ; 0000 0070 // External Interrupt(s) initialization
                 ; 0000 0071 // INT0: Off
                 ; 0000 0072 // INT1: Off
                 ; 0000 0073 // INT2: Off
                 ; 0000 0074 MCUCR=(0<<ISC11) | (0<<ISC10) | (0<<ISC01) | (0<<ISC00);
000175 bfe5      	OUT  0x35,R30
                 ; 0000 0075 MCUCSR=(0<<ISC2);
000176 bfe4      	OUT  0x34,R30
                 ; 0000 0076 
                 ; 0000 0077 // USART initialization
                 ; 0000 0078 // USART disabled
                 ; 0000 0079 UCSRB=(0<<RXCIE) | (0<<TXCIE) | (0<<UDRIE) | (0<<RXEN) | (0<<TXEN) | (0<<UCSZ2) | (0<<RXB8) | (0<<TXB8);
000177 b9ea      	OUT  0xA,R30
                 ; 0000 007A 
                 ; 0000 007B // Analog Comparator initialization
                 ; 0000 007C // Analog Comparator: Off
                 ; 0000 007D // The Analog Comparator's positive input is
                 ; 0000 007E // connected to the AIN0 pin
                 ; 0000 007F // The Analog Comparator's negative input is
                 ; 0000 0080 // connected to the AIN1 pin
                 ; 0000 0081 ACSR=(1<<ACD) | (0<<ACBG) | (0<<ACO) | (0<<ACI) | (0<<ACIE) | (0<<ACIC) | (0<<ACIS1) | (0<<ACIS0);
000178 e8e0      	LDI  R30,LOW(128)
000179 b9e8      	OUT  0x8,R30
                 ; 0000 0082 SFIOR=(0<<ACME);
00017a e0e0      	LDI  R30,LOW(0)
00017b bfe0      	OUT  0x30,R30
                 ; 0000 0083 
                 ; 0000 0084 // ADC initialization
                 ; 0000 0085 // ADC disabled
                 ; 0000 0086 ADCSRA=(0<<ADEN) | (0<<ADSC) | (0<<ADATE) | (0<<ADIF) | (0<<ADIE) | (0<<ADPS2) | (0<<ADPS1) | (0<<ADPS0);
00017c b9e6      	OUT  0x6,R30
                 ; 0000 0087 
                 ; 0000 0088 // SPI initialization
                 ; 0000 0089 // SPI disabled
                 ; 0000 008A SPCR=(0<<SPIE) | (0<<SPE) | (0<<DORD) | (0<<MSTR) | (0<<CPOL) | (0<<CPHA) | (0<<SPR1) | (0<<SPR0);
00017d b9ed      	OUT  0xD,R30
                 ; 0000 008B 
                 ; 0000 008C // TWI initialization
                 ; 0000 008D // TWI disabled
                 ; 0000 008E TWCR=(0<<TWEA) | (0<<TWSTA) | (0<<TWSTO) | (0<<TWEN) | (0<<TWIE);
00017e bfe6      	OUT  0x36,R30
                 ; 0000 008F 
                 ; 0000 0090 // Graphic Display Controller initialization
                 ; 0000 0091 // The PCD8544 connections are specified in the
                 ; 0000 0092 // Project|Configure|C Compiler|Libraries|Graphic Display menu:
                 ; 0000 0093 // SDIN - PORTC Bit 3
                 ; 0000 0094 // SCLK - PORTC Bit 4
                 ; 0000 0095 // D /C - PORTC Bit 2
                 ; 0000 0096 // /SCE - PORTC Bit 1
                 ; 0000 0097 // /RES - PORTC Bit 0
                 ; 0000 0098 
                 ; 0000 0099 // Specify the current font for displaying text
                 ; 0000 009A glcd_init_data.font=font5x7;
00017f e5e4      	LDI  R30,LOW(_font5x7*2)
000180 e0f0      	LDI  R31,HIGH(_font5x7*2)
000181 83e8      	ST   Y,R30
000182 83f9      	STD  Y+1,R31
                 ; 0000 009B // No function is used for reading
                 ; 0000 009C // image data from external memory
                 ; 0000 009D glcd_init_data.readxmem=NULL;
000183 e0e0      	LDI  R30,LOW(0)
000184 83ea      	STD  Y+2,R30
000185 83eb      	STD  Y+2+1,R30
                 ; 0000 009E // No function is used for writing
                 ; 0000 009F // image data to external memory
                 ; 0000 00A0 glcd_init_data.writexmem=NULL;
000186 83ec      	STD  Y+4,R30
000187 83ed      	STD  Y+4+1,R30
                 ; 0000 00A1 // Set the LCD temperature coefficient
                 ; 0000 00A2 glcd_init_data.temp_coef=PCD8544_DEFAULT_TEMP_COEF;
000188 81ee      	LDD  R30,Y+6
000189 7fec      	ANDI R30,LOW(0xFC)
00018a 83ee      	STD  Y+6,R30
                 ; 0000 00A3 // Set the LCD bias
                 ; 0000 00A4 glcd_init_data.bias=PCD8544_DEFAULT_BIAS;
00018b 7ee3      	ANDI R30,LOW(0xE3)
00018c 60ec      	ORI  R30,LOW(0xC)
00018d 83ee      	STD  Y+6,R30
                 ; 0000 00A5 // Set the LCD contrast control voltage VLCD
                 ; 0000 00A6 glcd_init_data.vlcd=PCD8544_DEFAULT_VLCD;
00018e 81ef      	LDD  R30,Y+7
00018f 78e0      	ANDI R30,LOW(0x80)
000190 63e2      	ORI  R30,LOW(0x32)
000191 83ef      	STD  Y+7,R30
                 ; 0000 00A7 
                 ; 0000 00A8 glcd_init(&glcd_init_data);
000192 01de      	MOVW R26,R28
000193 d057      	RCALL _glcd_init
                 ; 0000 00A9 
                 ; 0000 00AA while (1)
                 _0x3:
                 ; 0000 00AB       {
                 ; 0000 00AC       // Place your code here
                 ; 0000 00AD 
                 ; 0000 00AE       }
000194 cfff      	RJMP _0x3
                 ; 0000 00AF }
                 _0x6:
000195 cfff      	RJMP _0x6
                 ; .FEND
                 	#ifndef __SLEEP_DEFINED__
                 	#endif
                 
                 	.CSEG
                 _pcd8544_delay_G100:
                 ; .FSTART _pcd8544_delay_G100
000196 9508      	RET
                 ; .FEND
                 _pcd8544_wrbus_G100:
                 ; .FSTART _pcd8544_wrbus_G100
000197 93aa      	ST   -Y,R26
000198 931a      	ST   -Y,R17
000199 98a9      	CBI  0x15,1
00019a e018      	LDI  R17,LOW(8)
                 _0x2000004:
00019b dffa      	RCALL _pcd8544_delay_G100
00019c 81e9      	LDD  R30,Y+1
00019d 78e0      	ANDI R30,LOW(0x80)
00019e f011      	BREQ _0x2000006
00019f 9aab      	SBI  0x15,3
0001a0 c001      	RJMP _0x2000007
                 _0x2000006:
0001a1 98ab      	CBI  0x15,3
                 _0x2000007:
0001a2 81e9      	LDD  R30,Y+1
0001a3 0fee      	LSL  R30
0001a4 83e9      	STD  Y+1,R30
0001a5 dff0      	RCALL _pcd8544_delay_G100
0001a6 9aac      	SBI  0x15,4
0001a7 dfee      	RCALL _pcd8544_delay_G100
0001a8 98ac      	CBI  0x15,4
0001a9 5011      	SUBI R17,LOW(1)
0001aa f781      	BRNE _0x2000004
0001ab 9aa9      	SBI  0x15,1
0001ac 8118      	LDD  R17,Y+0
0001ad c112      	RJMP _0x2100001
                 ; .FEND
                 _pcd8544_wrcmd:
                 ; .FSTART _pcd8544_wrcmd
0001ae 93aa      	ST   -Y,R26
0001af 98aa      	CBI  0x15,2
0001b0 81a8      	LD   R26,Y
0001b1 dfe5      	RCALL _pcd8544_wrbus_G100
0001b2 c0c0      	RJMP _0x2100002
                 ; .FEND
                 _pcd8544_wrdata_G100:
                 ; .FSTART _pcd8544_wrdata_G100
0001b3 93aa      	ST   -Y,R26
0001b4 9aaa      	SBI  0x15,2
0001b5 81a8      	LD   R26,Y
0001b6 dfe0      	RCALL _pcd8544_wrbus_G100
0001b7 c0bb      	RJMP _0x2100002
                 ; .FEND
                 _pcd8544_setaddr_G100:
                 ; .FSTART _pcd8544_setaddr_G100
0001b8 93aa      	ST   -Y,R26
0001b9 931a      	ST   -Y,R17
0001ba 81e9      	LDD  R30,Y+1
0001bb 95e6      	LSR  R30
0001bc 95e6      	LSR  R30
0001bd 95e6      	LSR  R30
0001be 2f1e      	MOV  R17,R30
0001bf e5e4      	LDI  R30,LOW(84)
0001c0 9fe1      	MUL  R30,R17
0001c1 01f0      	MOVW R30,R0
0001c2 01df      	MOVW R26,R30
0001c3 81ea      	LDD  R30,Y+2
0001c4 e0f0      	LDI  R31,0
0001c5 0fea      	ADD  R30,R26
0001c6 1ffb      	ADC  R31,R27
0001c7 93e0 027d 	STS  _gfx_addr_G100,R30
0001c9 93f0 027e 	STS  _gfx_addr_G100+1,R31
0001cb 2fe1      	MOV  R30,R17
0001cc 8118      	LDD  R17,Y+0
0001cd 9623      	ADIW R28,3
0001ce 9508      	RET
                 ; .FEND
                 _pcd8544_gotoxy:
                 ; .FSTART _pcd8544_gotoxy
0001cf 93aa      	ST   -Y,R26
0001d0 81e9      	LDD  R30,Y+1
0001d1 68e0      	ORI  R30,0x80
0001d2 2fae      	MOV  R26,R30
0001d3 dfda      	RCALL _pcd8544_wrcmd
0001d4 81e9      	LDD  R30,Y+1
0001d5 93ea      	ST   -Y,R30
0001d6 81a9      	LDD  R26,Y+1
0001d7 dfe0      	RCALL _pcd8544_setaddr_G100
0001d8 64e0      	ORI  R30,0x40
0001d9 2fae      	MOV  R26,R30
0001da dfd3      	RCALL _pcd8544_wrcmd
0001db c0e4      	RJMP _0x2100001
                 ; .FEND
                 _pcd8544_wrbyte:
                 ; .FSTART _pcd8544_wrbyte
0001dc 93aa      	ST   -Y,R26
0001dd e7ad      	LDI  R26,LOW(_gfx_addr_G100)
0001de e0b2      	LDI  R27,HIGH(_gfx_addr_G100)
0001df 91ed      	LD   R30,X+
0001e0 91fd      	LD   R31,X+
0001e1 9631      	ADIW R30,1
0001e2 93fe      	ST   -X,R31
0001e3 93ee      	ST   -X,R30
0001e4 9731      	SBIW R30,1
0001e5 58e1      	SUBI R30,LOW(-_gfx_buffer_G100)
0001e6 4ffd      	SBCI R31,HIGH(-_gfx_buffer_G100)
0001e7 81a8      	LD   R26,Y
0001e8 83a0      	STD  Z+0,R26
0001e9 dfc9      	RCALL _pcd8544_wrdata_G100
0001ea c088      	RJMP _0x2100002
                 ; .FEND
                 _glcd_init:
                 ; .FSTART _glcd_init
0001eb 93ba      	ST   -Y,R27
0001ec 93aa      	ST   -Y,R26
0001ed 940e 02eb 	CALL __SAVELOCR4
0001ef 9aa1      	SBI  0x14,1
0001f0 9aa9      	SBI  0x15,1
0001f1 9aa4      	SBI  0x14,4
0001f2 98ac      	CBI  0x15,4
0001f3 9aa3      	SBI  0x14,3
0001f4 9aa2      	SBI  0x14,2
0001f5 9aa0      	SBI  0x14,0
0001f6 98a8      	CBI  0x15,0
0001f7 e0aa      	LDI  R26,LOW(10)
0001f8 e0b0      	LDI  R27,0
0001f9 940e 02d9 	CALL _delay_ms
0001fb 9aa8      	SBI  0x15,0
0001fc 81ec      	LDD  R30,Y+4
0001fd 81fd      	LDD  R31,Y+4+1
0001fe 9730      	SBIW R30,0
0001ff f121      	BREQ _0x2000008
000200 81e6      	LDD  R30,Z+6
000201 70e3      	ANDI R30,LOW(0x3)
000202 2f1e      	MOV  R17,R30
000203 81ec      	LDD  R30,Y+4
000204 81fd      	LDD  R31,Y+4+1
000205 81e6      	LDD  R30,Z+6
000206 95e6      	LSR  R30
000207 95e6      	LSR  R30
000208 70e7      	ANDI R30,LOW(0x7)
000209 2f0e      	MOV  R16,R30
00020a 81ec      	LDD  R30,Y+4
00020b 81fd      	LDD  R31,Y+4+1
00020c 81e7      	LDD  R30,Z+7
00020d 77ef      	ANDI R30,0x7F
00020e 2f3e      	MOV  R19,R30
00020f 81ac      	LDD  R26,Y+4
000210 81bd      	LDD  R27,Y+4+1
000211 940e 02e3 	CALL __GETW1P
                +
000213 93e0 0264+STS _glcd_state + ( 4 ) , R30
000215 93f0 0265+STS _glcd_state + ( 4 ) + 1 , R31
                 	__PUTW1MN _glcd_state,4
000217 9612      	ADIW R26,2
000218 940e 02e3 	CALL __GETW1P
                +
00021a 93e0 0279+STS _glcd_state + ( 25 ) , R30
00021c 93f0 027a+STS _glcd_state + ( 25 ) + 1 , R31
                 	__PUTW1MN _glcd_state,25
00021e 81ac      	LDD  R26,Y+4
00021f 81bd      	LDD  R27,Y+4+1
000220 9614      	ADIW R26,4
000221 940e 02e3 	CALL __GETW1P
000223 c00d      	RJMP _0x20000A0
                 _0x2000008:
000224 e010      	LDI  R17,LOW(0)
000225 e003      	LDI  R16,LOW(3)
000226 e332      	LDI  R19,LOW(50)
000227 e0e0      	LDI  R30,LOW(0)
000228 e0f0      	LDI  R31,HIGH(0)
                +
000229 93e0 0264+STS _glcd_state + ( 4 ) , R30
00022b 93f0 0265+STS _glcd_state + ( 4 ) + 1 , R31
                 	__PUTW1MN _glcd_state,4
                +
00022d 93e0 0279+STS _glcd_state + ( 25 ) , R30
00022f 93f0 027a+STS _glcd_state + ( 25 ) + 1 , R31
                 	__PUTW1MN _glcd_state,25
                 _0x20000A0:
                +
000231 93e0 027b+STS _glcd_state + ( 27 ) , R30
000233 93f0 027c+STS _glcd_state + ( 27 ) + 1 , R31
                 	__PUTW1MN _glcd_state,27
000235 e2a1      	LDI  R26,LOW(33)
000236 df77      	RCALL _pcd8544_wrcmd
000237 2fe1      	MOV  R30,R17
000238 60e4      	ORI  R30,4
000239 2fae      	MOV  R26,R30
00023a df73      	RCALL _pcd8544_wrcmd
00023b 2fe0      	MOV  R30,R16
00023c 61e0      	ORI  R30,0x10
00023d 2fae      	MOV  R26,R30
00023e df6f      	RCALL _pcd8544_wrcmd
00023f 2fe3      	MOV  R30,R19
000240 68e0      	ORI  R30,0x80
000241 2fae      	MOV  R26,R30
000242 df6b      	RCALL _pcd8544_wrcmd
000243 e2a0      	LDI  R26,LOW(32)
000244 df69      	RCALL _pcd8544_wrcmd
000245 e0a1      	LDI  R26,LOW(1)
000246 d023      	RCALL _glcd_display
000247 e0e1      	LDI  R30,LOW(1)
000248 93e0 0260 	STS  _glcd_state,R30
00024a e0e0      	LDI  R30,LOW(0)
                +
00024b 93e0 0261+STS _glcd_state + ( 1 ) , R30
                 	__PUTB1MN _glcd_state,1
00024d e0e1      	LDI  R30,LOW(1)
                +
00024e 93e0 0266+STS _glcd_state + ( 6 ) , R30
                 	__PUTB1MN _glcd_state,6
                +
000250 93e0 0267+STS _glcd_state + ( 7 ) , R30
                 	__PUTB1MN _glcd_state,7
                +
000252 93e0 0268+STS _glcd_state + ( 8 ) , R30
                 	__PUTB1MN _glcd_state,8
000254 efef      	LDI  R30,LOW(255)
                +
000255 93e0 0269+STS _glcd_state + ( 9 ) , R30
                 	__PUTB1MN _glcd_state,9
000257 e0e1      	LDI  R30,LOW(1)
                +
000258 93e0 0270+STS _glcd_state + ( 16 ) , R30
                 	__PUTB1MN _glcd_state,16
                +
00025a e7e1     +LDI R30 , LOW ( _glcd_state + ( 17 ) )
00025b e0f2     +LDI R31 , HIGH ( _glcd_state + ( 17 ) )
                 	__POINTW1MN _glcd_state,17
00025c 93fa      	ST   -Y,R31
00025d 93ea      	ST   -Y,R30
00025e efef      	LDI  R30,LOW(255)
00025f 93ea      	ST   -Y,R30
000260 e0a8      	LDI  R26,LOW(8)
000261 e0b0      	LDI  R27,0
000262 940e 02c2 	CALL _memset
000264 d010      	RCALL _glcd_clear
000265 e0e1      	LDI  R30,LOW(1)
000266 940e 02f0 	CALL __LOADLOCR4
000268 9626      	ADIW R28,6
000269 9508      	RET
                 ; .FEND
                 _glcd_display:
                 ; .FSTART _glcd_display
00026a 93aa      	ST   -Y,R26
00026b 81e8      	LD   R30,Y
00026c 30e0      	CPI  R30,0
00026d f011      	BREQ _0x200000A
00026e e0ec      	LDI  R30,LOW(12)
00026f c001      	RJMP _0x200000B
                 _0x200000A:
000270 e0e8      	LDI  R30,LOW(8)
                 _0x200000B:
000271 2fae      	MOV  R26,R30
000272 df3b      	RCALL _pcd8544_wrcmd
                 _0x2100002:
000273 9621      	ADIW R28,1
000274 9508      	RET
                 ; .FEND
                 _glcd_clear:
                 ; .FSTART _glcd_clear
000275 940e 02eb 	CALL __SAVELOCR4
000277 e030      	LDI  R19,0
                +
000278 91e0 0261+LDS R30 , _glcd_state + ( 1 )
                 	__GETB1MN _glcd_state,1
00027a 30e0      	CPI  R30,0
00027b f009      	BREQ _0x200000D
00027c ef3f      	LDI  R19,LOW(255)
                 _0x200000D:
00027d e0e0      	LDI  R30,LOW(0)
00027e 93ea      	ST   -Y,R30
00027f e0a0      	LDI  R26,LOW(0)
000280 df4e      	RCALL _pcd8544_gotoxy
                +
000281 ef08     +LDI R16 , LOW ( 504 )
000282 e011     +LDI R17 , HIGH ( 504 )
                 	__GETWRN 16,17,504
                 _0x200000E:
000283 01f8      	MOVW R30,R16
                +
000284 5001     +SUBI R16 , LOW ( 1 )
000285 4010     +SBCI R17 , HIGH ( 1 )
                 	__SUBWRN 16,17,1
000286 9730      	SBIW R30,0
000287 f019      	BREQ _0x2000010
000288 2fa3      	MOV  R26,R19
000289 df52      	RCALL _pcd8544_wrbyte
00028a cff8      	RJMP _0x200000E
                 _0x2000010:
00028b e0e0      	LDI  R30,LOW(0)
00028c 93ea      	ST   -Y,R30
00028d e0a0      	LDI  R26,LOW(0)
00028e d026      	RCALL _glcd_moveto
00028f 940e 02f0 	CALL __LOADLOCR4
000291 9624      	ADIW R28,4
000292 9508      	RET
                 ; .FEND
                 
                 	.CSEG
                 _glcd_clipx:
                 ; .FSTART _glcd_clipx
000293 940e 02d2 	CALL SUBOPT_0x0
000295 f01c      	BRLT _0x2020003
000296 e0e0      	LDI  R30,LOW(0)
000297 e0f0      	LDI  R31,HIGH(0)
000298 c027      	RJMP _0x2100001
                 _0x2020003:
000299 81a8      	LD   R26,Y
00029a 81b9      	LDD  R27,Y+1
00029b 35a4      	CPI  R26,LOW(0x54)
00029c e0e0      	LDI  R30,HIGH(0x54)
00029d 07be      	CPC  R27,R30
00029e f01c      	BRLT _0x2020004
00029f e5e3      	LDI  R30,LOW(83)
0002a0 e0f0      	LDI  R31,HIGH(83)
0002a1 c01e      	RJMP _0x2100001
                 _0x2020004:
0002a2 81e8      	LD   R30,Y
0002a3 81f9      	LDD  R31,Y+1
0002a4 c01b      	RJMP _0x2100001
                 ; .FEND
                 _glcd_clipy:
                 ; .FSTART _glcd_clipy
0002a5 940e 02d2 	CALL SUBOPT_0x0
0002a7 f01c      	BRLT _0x2020005
0002a8 e0e0      	LDI  R30,LOW(0)
0002a9 e0f0      	LDI  R31,HIGH(0)
0002aa c015      	RJMP _0x2100001
                 _0x2020005:
0002ab 81a8      	LD   R26,Y
0002ac 81b9      	LDD  R27,Y+1
0002ad 97d0      	SBIW R26,48
0002ae f01c      	BRLT _0x2020006
0002af e2ef      	LDI  R30,LOW(47)
0002b0 e0f0      	LDI  R31,HIGH(47)
0002b1 c00e      	RJMP _0x2100001
                 _0x2020006:
0002b2 81e8      	LD   R30,Y
0002b3 81f9      	LDD  R31,Y+1
0002b4 c00b      	RJMP _0x2100001
                 ; .FEND
                 _glcd_moveto:
                 ; .FSTART _glcd_moveto
0002b5 93aa      	ST   -Y,R26
0002b6 81a9      	LDD  R26,Y+1
0002b7 27bb      	CLR  R27
0002b8 dfda      	RCALL _glcd_clipx
                +
0002b9 93e0 0262+STS _glcd_state + ( 2 ) , R30
                 	__PUTB1MN _glcd_state,2
0002bb 81a8      	LD   R26,Y
0002bc 27bb      	CLR  R27
0002bd dfe7      	RCALL _glcd_clipy
                +
0002be 93e0 0263+STS _glcd_state + ( 3 ) , R30
                 	__PUTB1MN _glcd_state,3
                 _0x2100001:
0002c0 9622      	ADIW R28,2
0002c1 9508      	RET
                 ; .FEND
                 
                 	.CSEG
                 _memset:
                 ; .FSTART _memset
0002c2 93ba      	ST   -Y,R27
0002c3 93aa      	ST   -Y,R26
0002c4 81b9          ldd  r27,y+1
0002c5 81a8          ld   r26,y
0002c6 9610          adiw r26,0
0002c7 f031          breq memset1
0002c8 81fc          ldd  r31,y+4
0002c9 81eb          ldd  r30,y+3
0002ca 816a          ldd  r22,y+2
                 memset0:
0002cb 9361          st   z+,r22
0002cc 9711          sbiw r26,1
0002cd f7e9          brne memset0
                 memset1:
0002ce 81eb          ldd  r30,y+3
0002cf 81fc          ldd  r31,y+4
0002d0 9625      	ADIW R28,5
0002d1 9508      	RET
                 ; .FEND
                 
                 	.CSEG
                 
                 	.CSEG
                 
                 	.CSEG
                 
                 	.DSEG
                 
                 	.CSEG
                 
                 	.CSEG
                 
                 	.DSEG
                 _glcd_state:
000260           	.BYTE 0x1D
                 _gfx_addr_G100:
00027d           	.BYTE 0x2
                 _gfx_buffer_G100:
00027f           	.BYTE 0x1F8
                 __seed_G106:
000477           	.BYTE 0x4
                 
                 	.CSEG
                 ;OPTIMIZER ADDED SUBROUTINE, CALLED 2 TIMES, CODE SIZE REDUCTION:1 WORDS
                 SUBOPT_0x0:
0002d2 93ba      	ST   -Y,R27
0002d3 93aa      	ST   -Y,R26
0002d4 81a8      	LD   R26,Y
0002d5 81b9      	LDD  R27,Y+1
0002d6 940e 02e7 	CALL __CPW02
0002d8 9508      	RET
                 
                 
                 	.CSEG
                 _delay_ms:
0002d9 9610      	adiw r26,0
0002da f039      	breq __delay_ms1
                 __delay_ms0:
                +
0002db ed80     +LDI R24 , LOW ( 0x7D0 )
0002dc e097     +LDI R25 , HIGH ( 0x7D0 )
                +__DELAY_USW_LOOP :
0002dd 9701     +SBIW R24 , 1
0002de f7f1     +BRNE __DELAY_USW_LOOP
                 	__DELAY_USW 0x7D0
0002df 95a8      	wdr
0002e0 9711      	sbiw r26,1
0002e1 f7c9      	brne __delay_ms0
                 __delay_ms1:
0002e2 9508      	ret
                 
                 __GETW1P:
0002e3 91ed      	LD   R30,X+
0002e4 91fc      	LD   R31,X
0002e5 9711      	SBIW R26,1
0002e6 9508      	RET
                 
                 __CPW02:
0002e7 2400      	CLR  R0
0002e8 160a      	CP   R0,R26
0002e9 060b      	CPC  R0,R27
0002ea 9508      	RET
                 
                 __SAVELOCR4:
0002eb 933a      	ST   -Y,R19
                 __SAVELOCR3:
0002ec 932a      	ST   -Y,R18
                 __SAVELOCR2:
0002ed 931a      	ST   -Y,R17
0002ee 930a      	ST   -Y,R16
0002ef 9508      	RET
                 
                 __LOADLOCR4:
0002f0 813b      	LDD  R19,Y+3
                 __LOADLOCR3:
0002f1 812a      	LDD  R18,Y+2
                 __LOADLOCR2:
0002f2 8119      	LDD  R17,Y+1
0002f3 8108      	LD   R16,Y
0002f4 9508      	RET
                 
                 ;END OF CODE MARKER
                 __END_OF_CODE:


RESOURCE USE INFORMATION
------------------------

Notice:
The register and instruction counts are symbol table hit counts,
and hence implicitly used resources are not counted, eg, the
'lpm' instruction without operands implicitly uses r0 and z,
none of which are counted.

x,y,z are separate entities in the symbol table and are
counted separately from r26..r31 here.

.dseg memory usage only counts static data declared with .byte

ATmega32A register use summary:
r0 :   8 r1 :   1 r2 :   0 r3 :   0 r4 :   0 r5 :   0 r6 :   0 r7 :   0 
r8 :   0 r9 :   0 r10:   0 r11:   0 r12:   0 r13:   0 r14:   0 r15:   0 
r16:   8 r17:  16 r18:   2 r19:   8 r20:   0 r21:   0 r22:   4 r23:   0 
r24:   9 r25:   3 r26:  55 r27:  19 r28:   9 r29:   1 r30: 172 r31:  31 
x  :   9 y  :  84 z  :  12 
Registers used: 18 out of 35 (51.4%)

ATmega32A instruction use summary:
.lds  :   0 .lds.l:   0 .sts  :   0 .sts.l:   0 adc   :   1 add   :   1 
adiw  :  11 and   :   0 andi  :   7 asr   :   0 bclr  :   0 bld   :   0 
brbc  :   0 brbs  :   0 brcc  :   0 brcs  :   0 break :   0 breq  :   8 
brge  :   0 brhc  :   0 brhs  :   0 brid  :   0 brie  :   0 brlo  :   0 
brlt  :   4 brmi  :   0 brne  :   7 brpl  :   0 brsh  :   0 brtc  :   0 
brts  :   0 brvc  :   0 brvs  :   0 bset  :   0 bst   :   0 call  :  12 
cbi   :   6 cbr   :   0 clc   :   0 clh   :   0 cli   :   1 cln   :   0 
clr   :   5 cls   :   0 clt   :   0 clv   :   0 clz   :   0 com   :   0 
cp    :   1 cpc   :   2 cpi   :   3 cpse  :   0 dec   :   1 des   :   0 
eor   :   0 fmul  :   0 fmuls :   0 fmulsu:   0 icall :   0 ijmp  :   0 
in    :   0 inc   :   0 jmp   :  22 ld    :  16 ldd   :  39 ldi   :  67 
lds   :   1 lpm   :   7 lsl   :   1 lsr   :   5 mov   :  15 movw  :   7 
mul   :   1 muls  :   0 mulsu :   0 neg   :   0 nop   :   0 or    :   0 
ori   :   7 out   :  39 pop   :   0 push  :   0 rcall :  23 ret   :  13 
reti  :   0 rjmp  :  18 rol   :   0 ror   :   0 sbc   :   0 sbci  :   2 
sbi   :  11 sbic  :   0 sbis  :   0 sbiw  :  12 sbr   :   0 sbrc  :   0 
sbrs  :   0 sec   :   0 seh   :   0 sei   :   0 sen   :   0 ser   :   0 
ses   :   0 set   :   0 sev   :   0 sez   :   0 sleep :   0 spm   :   0 
st    :  33 std   :  10 sts   :  21 sub   :   0 subi  :   3 swap  :   0 
tst   :   0 wdr   :   1 
Instructions used: 39 out of 116 (33.6%)

ATmega32A memory use summary [bytes]:
Segment   Begin    End      Code   Data   Used    Size   Use%
---------------------------------------------------------------
[.cseg] 0x000000 0x0005ea   1000    514   1514   32768   4.6%
[.dseg] 0x000060 0x00047b      0    539    539    2048  26.3%
[.eseg] 0x000000 0x000000      0      0      0    1024   0.0%

Assembly complete, 0 errors, 3 warnings
